// Jest Snapshot v1, https://goo.gl/fbAQLP

exports[`theme styles has required CSS breakpoints 1`] = `
.c0 {
  display: none;
  -webkit-box-pack: justify;
  -webkit-justify-content: space-between;
  -ms-flex-pack: justify;
  justify-content: space-between;
  font-size: 1.125em;
}

.c0 * {
  margin: 0 0.556em;
}

.c0 *:last-child {
  margin-right: 0;
}

.c0 *:first-child {
  margin-left: 0;
}

@media (min-width:37.5em) {
  .c0 {
    display: -webkit-box;
    display: -webkit-flex;
    display: -ms-flexbox;
    display: flex;
  }
}

<div
  class="c0"
/>
`;
