// Jest Snapshot v1, https://goo.gl/fbAQLP

exports[`theme styles matches the snapshot 1`] = `
.c0 {
  color: inherit;
  cursor: pointer;
  -webkit-text-decoration: none;
  text-decoration: none;
}

.c0:active,
.c0:focus,
.c0:hover,
.c0:visited {
  outline: none;
}

.c1 {
  border-radius: 0.25em;
  padding: 0.15em 0.5em;
  -webkit-transition: background-color 100ms ease-in-out;
  transition: background-color 100ms ease-in-out;
}

<a
  class="c0 c1"
  href=""
  style="opacity: 0; transform: none;"
  target="_blank"
>
  Nord
</a>
`;
