// Jest Snapshot v1, https://goo.gl/fbAQLP

exports[`theme styles matches the snapshot 1`] = `
.c0 {
  display: -webkit-box;
  display: -webkit-flex;
  display: -ms-flexbox;
  display: flex;
  -webkit-flex-direction: column;
  -ms-flex-direction: column;
  flex-direction: column;
  -webkit-align-items: center;
  -webkit-box-align: center;
  -ms-flex-align: center;
  align-items: center;
  margin-top: 1em;
  margin-bottom: 1em;
}

@media (min-width:37.5em) {
  .c0 {
    -webkit-align-items: unset;
    -webkit-box-align: unset;
    -ms-flex-align: unset;
    align-items: unset;
    margin-top: 0;
    margin-bottom: 0;
  }
}

<div
  class="c0"
/>
`;
